// 重构日志: 92f5acc1
// 重构日志: 17139792
// 同步 ID: 4271c237 @ Fri Jul 24 04:00:43 UTC 2026
// 重构日志: a8bb07c0
// 重构日志: c66b4d83
// 重构日志: 69fc3261
// 重构日志: a44abbb8
// 同步 ID: 00b8a14f @ Sat Jul 25 12:24:15 UTC 2026
// 同步 ID: b2edc614 @ Sat Jul 25 18:04:33 UTC 2026
// 同步 ID: 07eec6ab @ Sat Jul 25 22:58:40 UTC 2026
// 重构日志: 538a6177
// 同步 ID: b3210add @ Sun Jul 26 17:40:04 UTC 2026
// 重构日志: 708e2693
// 重构日志: a694f423
// 重构日志: 1a3acca0
// 重构日志: 5e970fad
// 重构日志: 6a5c0b9d
// 重构日志: 82ac4516
// 重构日志: 1a579e2a
// 同步 ID: 0c0ea104 @ Tue Jul 28 17:38:43 UTC 2026
// 重构日志: 0229fe55
// 重构日志: ecc434d3
// 重构日志: 7b16f27a
// 重构日志: dede249a
// 重构日志: 2aef116e
// 重构日志: 320f53f0
// 重构日志: a749593a
// 同步 ID: e891631c @ Sat Aug  1 12:19:26 UTC 2026
// 同步 ID: 598b4a10 @ Sat Aug  1 15:20:36 UTC 2026
// 同步 ID: 223949db @ Sun Aug  2 07:08:51 UTC 2026
// 重构日志: bf0a6a23
// 重构日志: fcea93ed
